[www.themeon.net/nifty/v2.5/index.html]
[backblue.gif]
[fade.gif]
[index.html]
[www.themeon.net/nifty/v2.5/plugins/pace/pace.min.js]
[www.themeon.net/nifty/v2.5/js/jquery-2.2.4.min.js]
[www.themeon.net/nifty/v2.5/js/bootstrap.min.js]
[www.themeon.net/nifty/v2.5/js/nifty.min.js]
[www.themeon.net/nifty/v2.5/js/demo/nifty-demo.min.js]
[www.themeon.net/nifty/v2.5/plugins/morris-js/morris.min.js]
[www.themeon.net/nifty/v2.5/plugins/morris-js/raphael-js/raphael.min.js]
[www.themeon.net/nifty/v2.5/plugins/sparkline/jquery.sparkline.min.js]
[www.themeon.net/nifty/v2.5/js/demo/dashboard.js]
[www.themeon.net/nifty/v2.5/img/logo.png]
[www.themeon.net/nifty/v2.5/img/profile-photos/9.png]
[www.themeon.net/nifty/v2.5/img/profile-photos/3.png]
[www.themeon.net/nifty/v2.5/img/thumbs/mega-menu-2.jpg]
[www.themeon.net/nifty/v2.5/img/thumbs/mega-menu-3.jpg]
[www.themeon.net/nifty/v2.5/img/thumbs/mega-menu-1.jpg]
[www.themeon.net/nifty/v2.5/img/thumbs/mega-menu-4.jpg]
[www.themeon.net/nifty/v2.5/img/thumbs/mega-menu-5.jpg]
[www.themeon.net/nifty/v2.5/img/thumbs/mega-menu-6.jpg]
[www.themeon.net/nifty/v2.5/img/flags/united-kingdom.png]
[www.themeon.net/nifty/v2.5/img/flags/france.png]
[www.themeon.net/nifty/v2.5/img/flags/germany.png]
[www.themeon.net/nifty/v2.5/img/flags/italy.png]
[www.themeon.net/nifty/v2.5/img/flags/spain.png]
[www.themeon.net/nifty/v2.5/pages-login.html]
[www.themeon.net/nifty/v2.5/img/profile-photos/2.png]
[www.themeon.net/nifty/v2.5/img/profile-photos/7.png]
[www.themeon.net/nifty/v2.5/img/profile-photos/1.png]
[www.themeon.net/nifty/v2.5/img/profile-photos/4.png]
[www.themeon.net/nifty/v2.5/img/profile-photos/8.png]
[www.themeon.net/nifty/v2.5/layouts-collapsed-navigation.html]
[www.themeon.net/nifty/v2.5/layouts-offcanvas-navigation.html]
[www.themeon.net/nifty/v2.5/layouts-offcanvas-slide-in-navigation.html]
[www.themeon.net/nifty/v2.5/layouts-offcanvas-revealing-navigation.html]
[www.themeon.net/nifty/v2.5/layouts-aside-right-side.html]
[www.themeon.net/nifty/v2.5/layouts-aside-left-side.html]
[www.themeon.net/nifty/v2.5/layouts-aside-dark-theme.html]
[www.themeon.net/nifty/v2.5/layouts-fixed-navbar.html]
[www.themeon.net/nifty/v2.5/layouts-fixed-footer.html]
[www.themeon.net/nifty/v2.5/widgets.html]
[www.themeon.net/nifty/v2.5/ui-buttons.html]
[www.themeon.net/nifty/v2.5/ui-panels.html]
[www.themeon.net/nifty/v2.5/ui-modals.html]
[www.themeon.net/nifty/v2.5/ui-progress-bars.html]
[www.themeon.net/nifty/v2.5/ui-components.html]
[www.themeon.net/nifty/v2.5/ui-typography.html]
[www.themeon.net/nifty/v2.5/ui-list-group.html]
[www.themeon.net/nifty/v2.5/ui-tabs-accordions.html]
[www.themeon.net/nifty/v2.5/ui-alerts-tooltips.html]
[www.themeon.net/nifty/v2.5/forms-general.html]
[www.themeon.net/nifty/v2.5/forms-components.html]
[www.themeon.net/nifty/v2.5/forms-validation.html]
[www.themeon.net/nifty/v2.5/forms-wizard.html]
[www.themeon.net/nifty/v2.5/forms-file-upload.html]
[www.themeon.net/nifty/v2.5/forms-text-editor.html]
[www.themeon.net/nifty/v2.5/forms-markdown.html]
[www.themeon.net/nifty/v2.5/tables-static.html]
[www.themeon.net/nifty/v2.5/tables-bootstrap.html]
[www.themeon.net/nifty/v2.5/tables-datatable.html]
[www.themeon.net/nifty/v2.5/tables-footable.html]
[www.themeon.net/nifty/v2.5/charts.html]
[www.themeon.net/nifty/v2.5/misc-timeline.html]
[www.themeon.net/nifty/v2.5/misc-calendar.html]
[www.themeon.net/nifty/v2.5/misc-maps.html]
[www.themeon.net/nifty/v2.5/mailbox.html]
[www.themeon.net/nifty/v2.5/mailbox-message.html]
[www.themeon.net/nifty/v2.5/mailbox-compose.html]
[www.themeon.net/nifty/v2.5/mailbox-templates.html]
[www.themeon.net/nifty/v2.5/pages-blank.html]
[www.themeon.net/nifty/v2.5/pages-profile.html]
[www.themeon.net/nifty/v2.5/pages-search-results.html]
[www.themeon.net/nifty/v2.5/pages-faq.html]
[www.themeon.net/nifty/v2.5/pages-404.html]
[www.themeon.net/nifty/v2.5/pages-500.html]
[www.themeon.net/nifty/v2.5/pages-register.html]
[www.themeon.net/nifty/v2.5/pages-password-reminder.html]
[www.themeon.net/nifty/v2.5/pages-lock-screen.html]
[www.themeon.net/nifty/v2.5/icons-ionicons.html]
[www.themeon.net/nifty/v2.5/icons-themify.html]
[www.themeon.net/nifty/v2.5/icons-font-awesome.html]
[www.themeon.net/nifty/v2.5/premium-line-icons.html]
[www.themeon.net/nifty/v2.5/premium-solid-icons.html]
[www.themeon.net/nifty/v2.5/helper-classes.html]
[www.themeon.net/nifty/v2.5/index.html]
[www.themeon.net/nifty/v2.5/fonts/glyphicons-halflings-regular.eot]
[www.themeon.net/nifty/v2.5/fonts/glyphicons-halflings-regular.woff2]
[www.themeon.net/nifty/v2.5/fonts/glyphicons-halflings-regulard41d.eot]
[www.themeon.net/nifty/v2.5/fonts/glyphicons-halflings-regular.woff]
[www.themeon.net/nifty/v2.5/fonts/glyphicons-halflings-regular.ttf]
[www.themeon.net/nifty/v2.5/css/bootstrap.min.css]
[www.themeon.net/nifty/v2.5/img/nav-profile.png]
[www.themeon.net/nifty/v2.5/css/nifty.min.css]
[www.themeon.net/nifty/v2.5/css/demo/fonts/nifty-demo-icons9cd8.eot]
[www.themeon.net/nifty/v2.5/css/demo/fonts/nifty-demo-icons9cd8.ttf]
[www.themeon.net/nifty/v2.5/css/demo/fonts/nifty-demo-icons9cd8.woff]
[www.themeon.net/nifty/v2.5/css/demo/nifty-demo-icons.min.css]
[www.themeon.net/nifty/v2.5/img/bg-img/bg-img-2.jpg]
[www.themeon.net/nifty/v2.5/css/demo/nifty-demo.min.css]
[www.themeon.net/nifty/v2.5/plugins/morris-js/morris.min.css]
[www.themeon.net/nifty/v2.5/plugins/magic-check/css/magic-check.min.css]
[www.themeon.net/nifty/v2.5/plugins/pace/pace.min.css]
[www.themeon.net/nifty/v2.5/js/demo/bg-images.js]
[www.themeon.net/nifty/v2.5/img/bg-img/thumbs/bg-trns.jpg]
[www.themeon.net/nifty/v2.5/img/bg-img/thumbs/bg-img-1.jpg]
[www.themeon.net/nifty/v2.5/img/bg-img/thumbs/bg-img-2.jpg]
[www.themeon.net/nifty/v2.5/img/bg-img/thumbs/bg-img-3.jpg]
[www.themeon.net/nifty/v2.5/img/bg-img/thumbs/bg-img-4.jpg]
[www.themeon.net/nifty/v2.5/img/bg-img/thumbs/bg-img-5.jpg]
[www.themeon.net/nifty/v2.5/img/bg-img/thumbs/bg-img-6.jpg]
[www.themeon.net/nifty/v2.5/img/bg-img/thumbs/bg-img-7.jpg]
[www.themeon.net/nifty/v2.5/pages-login.html]
[www.themeon.net/nifty/v2.5/layouts-collapsed-navigation.html]
[www.themeon.net/nifty/v2.5/layouts-offcanvas-navigation.html]
[www.themeon.net/nifty/v2.5/layouts-offcanvas-slide-in-navigation.html]
[www.themeon.net/nifty/v2.5/layouts-offcanvas-revealing-navigation.html]
[www.themeon.net/nifty/v2.5/layouts-aside-right-side.html]
[www.themeon.net/nifty/v2.5/layouts-aside-left-side.html]
[www.themeon.net/nifty/v2.5/layouts-aside-dark-theme.html]
[www.themeon.net/nifty/v2.5/img/bg-img/1.jpg]
[www.themeon.net/nifty/v2.5/layouts-fixed-navbar.html]
[www.themeon.net/nifty/v2.5/img/bg-img/2.jpg]
[www.themeon.net/nifty/v2.5/layouts-fixed-footer.html]
[www.themeon.net/nifty/v2.5/plugins/flot-charts/jquery.flot.min.js]
[www.themeon.net/nifty/v2.5/plugins/flot-charts/jquery.flot.resize.min.js]
[www.themeon.net/nifty/v2.5/plugins/gauge-js/gauge.min.js]
[www.themeon.net/nifty/v2.5/plugins/skycons/skycons.min.js]
[www.themeon.net/nifty/v2.5/plugins/easy-pie-chart/jquery.easypiechart.min.js]
[www.themeon.net/nifty/v2.5/js/demo/widgets.js]
[www.themeon.net/nifty/v2.5/img/profile-photos/5.png]
[www.themeon.net/nifty/v2.5/img/thumbs/img3.jpg]
[www.themeon.net/nifty/v2.5/img/profile-photos/10.png]
[www.themeon.net/nifty/v2.5/widgets.html]
[www.themeon.net/nifty/v2.5/js/demo/ui-buttons.js]
[www.themeon.net/nifty/v2.5/ui-buttons.html]
[www.themeon.net/nifty/v2.5/js/demo/ui-panels.js]
[www.themeon.net/nifty/v2.5/ui-panels.html]
[www.themeon.net/nifty/v2.5/plugins/bootbox/bootbox.min.js]
[www.themeon.net/nifty/v2.5/js/demo/ui-modals.js]
[www.themeon.net/nifty/v2.5/ui-modals.html]
[www.themeon.net/nifty/v2.5/ui-progress-bars.html]
[www.themeon.net/nifty/v2.5/ui-components.html]
[www.themeon.net/nifty/v2.5/ui-typography.html]
[www.themeon.net/nifty/v2.5/ui-list-group.html]
[www.themeon.net/nifty/v2.5/ui-tabs-accordions.html]
[www.themeon.net/nifty/v2.5/ui-alerts-tooltips.html]
[www.themeon.net/nifty/v2.5/forms-general.html]
[www.themeon.net/nifty/v2.5/plugins/switchery/switchery.min.js]
[www.themeon.net/nifty/v2.5/plugins/bootstrap-select/bootstrap-select.min.js]
[www.themeon.net/nifty/v2.5/plugins/bootstrap-tagsinput/bootstrap-tagsinput.min.js]
[www.themeon.net/nifty/v2.5/plugins/chosen/chosen.jquery.min.js]
[www.themeon.net/nifty/v2.5/plugins/noUiSlider/nouislider.min.js]
[www.themeon.net/nifty/v2.5/plugins/select2/js/select2.min.js]
[www.themeon.net/nifty/v2.5/plugins/bootstrap-timepicker/bootstrap-timepicker.min.js]
[www.themeon.net/nifty/v2.5/plugins/bootstrap-datepicker/bootstrap-datepicker.min.js]
[www.themeon.net/nifty/v2.5/js/demo/form-component.js]
[www.themeon.net/nifty/v2.5/forms-components.html]
[www.themeon.net/nifty/v2.5/plugins/bootstrap-validator/bootstrapValidator.min.js]
[www.themeon.net/nifty/v2.5/plugins/masked-input/jquery.maskedinput.min.js]
[www.themeon.net/nifty/v2.5/js/demo/form-validation.js]
[www.themeon.net/nifty/v2.5/forms-validation.html]
[www.themeon.net/nifty/v2.5/plugins/bootstrap-wizard/jquery.bootstrap.wizard.min.js]
[www.themeon.net/nifty/v2.5/js/demo/form-wizard.js]
[www.themeon.net/nifty/v2.5/forms-wizard.html]
[www.themeon.net/nifty/v2.5/plugins/dropzone/dropzone.min.js]
[www.themeon.net/nifty/v2.5/js/demo/form-file-upload.js]
[www.themeon.net/nifty/v2.5/forms-file-upload.html]
[www.themeon.net/nifty/v2.5/plugins/summernote/summernote.min.js]
[www.themeon.net/nifty/v2.5/js/demo/form-text-editor.js]
[www.themeon.net/nifty/v2.5/forms-text-editor.html]
[www.themeon.net/nifty/v2.5/plugins/bootstrap-markdown/js/markdown.js]
[www.themeon.net/nifty/v2.5/plugins/bootstrap-markdown/js/to-markdown.js]
[www.themeon.net/nifty/v2.5/plugins/bootstrap-markdown/js/bootstrap-markdown.js]
[www.themeon.net/nifty/v2.5/forms-markdown.html]
[www.themeon.net/nifty/v2.5/tables-static.html]
[www.themeon.net/nifty/v2.5/js/demo/tables-bs-table.js]
[www.themeon.net/nifty/v2.5/plugins/x-editable/js/bootstrap-editable.min.js]
[www.themeon.net/nifty/v2.5/plugins/bootstrap-table/bootstrap-table.min.js]
[www.themeon.net/nifty/v2.5/plugins/bootstrap-table/extensions/editable/bootstrap-table-editable.js]
[www.themeon.net/nifty/v2.5/tables-bootstrap.html]
[www.themeon.net/nifty/v2.5/plugins/datatables/media/js/jquery.dataTables.js]
[www.themeon.net/nifty/v2.5/plugins/datatables/media/js/dataTables.bootstrap.js]
[www.themeon.net/nifty/v2.5/plugins/datatables/extensions/Responsive/js/dataTables.responsive.min.js]
[www.themeon.net/nifty/v2.5/js/demo/tables-datatables.js]
[www.themeon.net/nifty/v2.5/tables-datatable.html]
[www.themeon.net/nifty/v2.5/plugins/fooTable/dist/footable.all.min.js]
[www.themeon.net/nifty/v2.5/js/demo/tables-footable.js]
[www.themeon.net/nifty/v2.5/tables-footable.html]
[www.themeon.net/nifty/v2.5/plugins/flot-charts/jquery.flot.pie.min.js]
[www.themeon.net/nifty/v2.5/js/demo/charts.js]
[www.themeon.net/nifty/v2.5/charts.html]
[www.themeon.net/nifty/v2.5/img/thumbs/img1.jpg]
[www.themeon.net/nifty/v2.5/img/thumbs/img2.jpg]
[www.themeon.net/nifty/v2.5/misc-timeline.html]
[www.themeon.net/nifty/v2.5/plugins/fullcalendar/lib/moment.min.js]
[www.themeon.net/nifty/v2.5/plugins/fullcalendar/lib/jquery-ui.custom.min.js]
[www.themeon.net/nifty/v2.5/plugins/fullcalendar/fullcalendar.min.js]
[www.themeon.net/nifty/v2.5/js/demo/misc-fullcalendar.js]
[www.themeon.net/nifty/v2.5/misc-calendar.html]
[www.themeon.net/nifty/v2.5/plugins/gmaps/gmaps.js]
[www.themeon.net/nifty/v2.5/js/demo/misc-gmaps.js]
[www.themeon.net/nifty/v2.5/misc-maps.html]
[www.themeon.net/nifty/v2.5/mailbox.html]
[www.themeon.net/nifty/v2.5/js/demo/mail.js]
[www.themeon.net/nifty/v2.5/img/bg-img/bg-img-4.jpg]
[www.themeon.net/nifty/v2.5/img/bg-img/bg-img-3.jpg]
[www.themeon.net/nifty/v2.5/mailbox-message.html]
[www.themeon.net/nifty/v2.5/mailbox-compose.html]
[www.themeon.net/nifty/v2.5/mailbox-action-template.html]
[www.themeon.net/nifty/v2.5/img/email-templates/action-email-template.jpg]
[www.themeon.net/nifty/v2.5/mailbox-alert-template.html]
[www.themeon.net/nifty/v2.5/img/email-templates/email-alert-template.jpg]
[www.themeon.net/nifty/v2.5/mailbox-billing-template.html]
[www.themeon.net/nifty/v2.5/img/email-templates/billing-email-template.jpg]
[www.themeon.net/nifty/v2.5/mailbox-templates.html]
[www.themeon.net/nifty/v2.5/pages-blank.html]
[www.themeon.net/nifty/v2.5/img/shared-img.jpg]
[www.themeon.net/nifty/v2.5/pages-profile.html]
[www.themeon.net/nifty/v2.5/pages-search-results.html]
[www.themeon.net/nifty/v2.5/pages-faq.html]
[www.themeon.net/nifty/v2.5/pages-404.html]
[www.themeon.net/nifty/v2.5/pages-500.html]
[www.themeon.net/nifty/v2.5/pages-register.html]
[www.themeon.net/nifty/v2.5/pages-password-reminder.html]
[www.themeon.net/nifty/v2.5/pages-lock-screen.html]
[www.themeon.net/nifty/v2.5/js/demo/icons.js]
[www.themeon.net/nifty/v2.5/icons-ionicons.html]
[www.themeon.net/nifty/v2.5/icons-themify.html]
[www.themeon.net/nifty/v2.5/icons-font-awesome.html]
[www.themeon.net/nifty/v2.5/premium/icon-sets/thumbs/line-icons/alignment.png]
[www.themeon.net/nifty/v2.5/premium/icon-sets/thumbs/line-icons/animals.png]
[www.themeon.net/nifty/v2.5/premium/icon-sets/thumbs/line-icons/arrow-view.png]
[www.themeon.net/nifty/v2.5/premium/icon-sets/thumbs/line-icons/arrows.png]
[www.themeon.net/nifty/v2.5/premium/icon-sets/thumbs/line-icons/body.png]
[www.themeon.net/nifty/v2.5/premium/icon-sets/thumbs/line-icons/browser.png]
[www.themeon.net/nifty/v2.5/premium/icon-sets/thumbs/line-icons/building.png]
[www.themeon.net/nifty/v2.5/premium/icon-sets/thumbs/line-icons/business.png]
[www.themeon.net/nifty/v2.5/premium/icon-sets/thumbs/line-icons/chess.png]
[www.themeon.net/nifty/v2.5/premium/icon-sets/thumbs/line-icons/christmas.png]
[www.themeon.net/nifty/v2.5/premium/icon-sets/thumbs/line-icons/clothes.png]
[www.themeon.net/nifty/v2.5/premium/icon-sets/thumbs/line-icons/clouds.png]
[www.themeon.net/nifty/v2.5/premium/icon-sets/thumbs/line-icons/communications.png]
[www.themeon.net/nifty/v2.5/premium/icon-sets/thumbs/line-icons/database.png]
[www.themeon.net/nifty/v2.5/premium/icon-sets/thumbs/line-icons/design.png]
[www.themeon.net/nifty/v2.5/premium/icon-sets/thumbs/line-icons/desktop.png]
[www.themeon.net/nifty/v2.5/premium/icon-sets/thumbs/line-icons/education.png]
[www.themeon.net/nifty/v2.5/premium/icon-sets/thumbs/line-icons/emails.png]
[www.themeon.net/nifty/v2.5/premium/icon-sets/thumbs/line-icons/emoticons.png]
[www.themeon.net/nifty/v2.5/premium/icon-sets/thumbs/line-icons/files.png]
[www.themeon.net/nifty/v2.5/premium/icon-sets/thumbs/line-icons/folders.png]
[www.themeon.net/nifty/v2.5/premium/icon-sets/thumbs/line-icons/food.png]
[www.themeon.net/nifty/v2.5/premium/icon-sets/thumbs/line-icons/halloween.png]
[www.themeon.net/nifty/v2.5/premium/icon-sets/thumbs/line-icons/hardware.png]
[www.themeon.net/nifty/v2.5/premium/icon-sets/thumbs/line-icons/hipster.png]
[www.themeon.net/nifty/v2.5/premium-line-icons.html]
[www.themeon.net/nifty/v2.5/premium/icon-sets/thumbs/solid-icons/alignment.png]
[www.themeon.net/nifty/v2.5/premium/icon-sets/thumbs/solid-icons/animals.png]
[www.themeon.net/nifty/v2.5/premium/icon-sets/thumbs/solid-icons/arrow-view.png]
[www.themeon.net/nifty/v2.5/premium/icon-sets/thumbs/solid-icons/arrows.png]
[www.themeon.net/nifty/v2.5/premium/icon-sets/thumbs/solid-icons/body.png]
[www.themeon.net/nifty/v2.5/premium/icon-sets/thumbs/solid-icons/browser.png]
[www.themeon.net/nifty/v2.5/premium/icon-sets/thumbs/solid-icons/building.png]
[www.themeon.net/nifty/v2.5/premium/icon-sets/thumbs/solid-icons/business.png]
[www.themeon.net/nifty/v2.5/premium/icon-sets/thumbs/solid-icons/chess.png]
[www.themeon.net/nifty/v2.5/premium/icon-sets/thumbs/solid-icons/christmas.png]
[www.themeon.net/nifty/v2.5/premium/icon-sets/thumbs/solid-icons/clothes.png]
[www.themeon.net/nifty/v2.5/premium/icon-sets/thumbs/solid-icons/clouds.png]
[www.themeon.net/nifty/v2.5/premium/icon-sets/thumbs/solid-icons/communications.png]
[www.themeon.net/nifty/v2.5/premium/icon-sets/thumbs/solid-icons/database.png]
[www.themeon.net/nifty/v2.5/premium/icon-sets/thumbs/solid-icons/design.png]
[www.themeon.net/nifty/v2.5/premium/icon-sets/thumbs/solid-icons/desktop.png]
[www.themeon.net/nifty/v2.5/premium/icon-sets/thumbs/solid-icons/education.png]
[www.themeon.net/nifty/v2.5/premium/icon-sets/thumbs/solid-icons/emails.png]
[www.themeon.net/nifty/v2.5/premium/icon-sets/thumbs/solid-icons/emoticons.png]
[www.themeon.net/nifty/v2.5/premium/icon-sets/thumbs/solid-icons/files.png]
[www.themeon.net/nifty/v2.5/premium/icon-sets/thumbs/solid-icons/folders.png]
[www.themeon.net/nifty/v2.5/premium/icon-sets/thumbs/solid-icons/food.png]
[www.themeon.net/nifty/v2.5/premium/icon-sets/thumbs/solid-icons/halloween.png]
[www.themeon.net/nifty/v2.5/premium/icon-sets/thumbs/solid-icons/hardware.png]
[www.themeon.net/nifty/v2.5/premium/icon-sets/thumbs/solid-icons/hipster.png]
[www.themeon.net/nifty/v2.5/premium-solid-icons.html]
[www.themeon.net/nifty/v2.5/helper-classes.html]
[www.themeon.net/nifty/v2.5/fonts/glyphicons-halflings-regular.svg]
[www.themeon.net/nifty/v2.5/css/demo/fonts/nifty-demo-icons9cd8.svg]
[www.themeon.net/nifty/v2.5/plugins/animate-css/animate.min.css]
[www.themeon.net/nifty/v2.5/plugins/switchery/switchery.min.css]
[www.themeon.net/nifty/v2.5/plugins/bootstrap-select/bootstrap-select.min.css]
[www.themeon.net/nifty/v2.5/plugins/bootstrap-tagsinput/bootstrap-tagsinput.min.css]
[www.themeon.net/nifty/v2.5/plugins/chosen/chosen.min.css]
[www.themeon.net/nifty/v2.5/plugins/noUiSlider/nouislider.min.css]
[www.themeon.net/nifty/v2.5/plugins/select2/css/select2.min.css]
[www.themeon.net/nifty/v2.5/plugins/bootstrap-timepicker/bootstrap-timepicker.min.css]
[www.themeon.net/nifty/v2.5/plugins/bootstrap-datepicker/bootstrap-datepicker.min.css]
[www.themeon.net/nifty/v2.5/plugins/bootstrap-validator/bootstrapValidator.min.css]
[www.themeon.net/nifty/v2.5/plugins/dropzone/dropzone.min.css]
[www.themeon.net/nifty/v2.5/plugins/summernote/font/summernotef534.eot]
[www.themeon.net/nifty/v2.5/plugins/summernote/font/summernoted41d.eot]
[www.themeon.net/nifty/v2.5/plugins/summernote/font/summernotef534.woff]
[www.themeon.net/nifty/v2.5/plugins/summernote/font/summernotef534.ttf]
[www.themeon.net/nifty/v2.5/plugins/summernote/summernote.min.css]
[www.themeon.net/nifty/v2.5/plugins/bootstrap-markdown/css/bootstrap-markdown.min.css]
[www.themeon.net/nifty/v2.5/plugins/bootstrap-table/bootstrap-table.min.css]
[www.themeon.net/nifty/v2.5/plugins/x-editable/img/loading.gif]
[www.themeon.net/nifty/v2.5/plugins/x-editable/img/clear.png]
[www.themeon.net/nifty/v2.5/plugins/x-editable/css/bootstrap-editable.css]
[www.themeon.net/nifty/v2.5/plugins/datatables/media/images/sort_both.png]
[www.themeon.net/nifty/v2.5/plugins/datatables/media/images/sort_asc.png]
[www.themeon.net/nifty/v2.5/plugins/datatables/media/images/sort_desc.png]
[www.themeon.net/nifty/v2.5/plugins/datatables/media/images/sort_asc_disabled.png]
[www.themeon.net/nifty/v2.5/plugins/datatables/media/images/sort_desc_disabled.png]
[www.themeon.net/nifty/v2.5/plugins/datatables/media/css/dataTables.bootstrap.css]
[www.themeon.net/nifty/v2.5/plugins/datatables/extensions/Responsive/css/dataTables.responsive.css]
[www.themeon.net/nifty/v2.5/plugins/fooTable/css/fonts/footable.eot]
[www.themeon.net/nifty/v2.5/plugins/fooTable/css/fonts/footabled41d.eot]
[www.themeon.net/nifty/v2.5/plugins/fooTable/css/fonts/footable.woff]
[www.themeon.net/nifty/v2.5/plugins/fooTable/css/fonts/footable.ttf]
[www.themeon.net/nifty/v2.5/plugins/fooTable/css/footable.core.css]
[www.themeon.net/nifty/v2.5/plugins/fullcalendar/fullcalendar.min.css]
[www.themeon.net/nifty/v2.5/plugins/fullcalendar/nifty-skin/fullcalendar-nifty.min.css]
[www.themeon.net/nifty/v2.5/img/email-templates/email-header.jpg]
[www.themeon.net/nifty/v2.5/mailbox-action-template.html]
[www.themeon.net/nifty/v2.5/mailbox-alert-template.html]
[www.themeon.net/nifty/v2.5/mailbox-billing-template.html]
[www.themeon.net/nifty/v2.5/plugins/ionicons/fonts/ionicons28b5.eot]
[www.themeon.net/nifty/v2.5/plugins/ionicons/fonts/ionicons28b5.ttf]
[www.themeon.net/nifty/v2.5/plugins/ionicons/fonts/ionicons28b5.woff]
[www.themeon.net/nifty/v2.5/plugins/ionicons/css/ionicons.min.css]
[www.themeon.net/nifty/v2.5/plugins/themify-icons/fonts/themify9f24.eot]
[www.themeon.net/nifty/v2.5/plugins/themify-icons/fonts/themifyd41d.eot]
[www.themeon.net/nifty/v2.5/plugins/themify-icons/fonts/themify9f24.woff]
[www.themeon.net/nifty/v2.5/plugins/themify-icons/fonts/themify9f24.ttf]
[www.themeon.net/nifty/v2.5/plugins/themify-icons/themify-icons.min.css]
[www.themeon.net/nifty/v2.5/js/demo/iconss.html]
[www.themeon.net/nifty/v2.5/plugins/font-awesome/fonts/fontawesome-webfont5b62.eot]
[www.themeon.net/nifty/v2.5/plugins/font-awesome/fonts/fontawesome-webfontd41d.eot]
[www.themeon.net/nifty/v2.5/plugins/font-awesome/fonts/fontawesome-webfont5b62.woff2]
[www.themeon.net/nifty/v2.5/plugins/font-awesome/fonts/fontawesome-webfont5b62.woff]
[www.themeon.net/nifty/v2.5/plugins/font-awesome/fonts/fontawesome-webfont5b62.ttf]
[www.themeon.net/nifty/v2.5/plugins/font-awesome/css/font-awesome.min.css]
[www.themeon.net/nifty/v2.5/plugins/chosen/chosen-sprite.html]
[www.themeon.net/nifty/v2.5/plugins/chosen/chosen-sprite@2x.html]
[www.themeon.net/nifty/v2.5/plugins/fooTable/css/fonts/footable.svg]
[www.themeon.net/nifty/v2.5/plugins/transactional-email-templates/templates/styles.css]
[www.themeon.net/nifty/v2.5/plugins/ionicons/fonts/ionicons28b5.svg]
[www.themeon.net/nifty/v2.5/plugins/themify-icons/fonts/themify9f24.svg]
[www.themeon.net/nifty/v2.5/plugins/font-awesome/fonts/fontawesome-webfont5b62.svg]
